* This is the StructMobWeight report file that is output every time the server starts.
* 
* Spawn Balance Utility (SBU) will use this file ONLY if it is renamed to StructMobWeight.csv.
* Lines starting with '*' are comments and ignored
* It allows you to add and remove mobs and adjust their spawnweights for Structures
* like shipwrecks, nether fortresses, water monuments, etc.
* 
1, legendary_monsters:abandoned_crypt, HEADING, header:ignore, 0, 0, 0
2, biomeswevegone:abandoned_prairie_house, HEADING, header:ignore, 0, 0, 0
3, alexscaves:abyssal_ruins, HEADING, header:ignore, 0, 0, 0
4, alexscaves:abyssal_ruins, MONSTER, alexscaves:mine_guardian, 20, 1, 2
5, alexscaves:acid_pit, HEADING, header:ignore, 0, 0, 0
6, cataclysm:acropolis, HEADING, header:ignore, 0, 0, 0
7, farmers_structures:aether, HEADING, header:ignore, 0, 0, 0
8, irons_spellbooks:ancient_battleground, HEADING, header:ignore, 0, 0, 0
9, minecraft:ancient_city, HEADING, header:ignore, 0, 0, 0
10, cataclysm:ancient_factory, HEADING, header:ignore, 0, 0, 0
11, the_bumblezone:ancient_hoops, HEADING, header:ignore, 0, 0, 0
12, the_bumblezone:ancient_shrine, HEADING, header:ignore, 0, 0, 0
13, legendary_monsters:ancient_stronghold, HEADING, header:ignore, 0, 0, 0
14, deeperdarker:ancient_temple, HEADING, header:ignore, 0, 0, 0
15, legendary_monsters:ancient_tower_remains, HEADING, header:ignore, 0, 0, 0
16, mythicbotany:andwari_cave, HEADING, header:ignore, 0, 0, 0
17, traveloptics:aqua_mage_tower, HEADING, header:ignore, 0, 0, 0
18, traveloptics:aqua_mage_tower, CREATURE, minecraft:parrot, 10, 1, 4
19, farmers_structures:aquaculture_beach, HEADING, header:ignore, 0, 0, 0
20, farmers_structures:aquaculture_carp, HEADING, header:ignore, 0, 0, 0
21, farmers_structures:aquaculture_common, HEADING, header:ignore, 0, 0, 0
22, ars_additions:arcane_library, HEADING, header:ignore, 0, 0, 0
23, ars_additions:arcane_library, MONSTER, ars_nouveau:wilden_guardian, 10, 5, 10
24, ars_additions:arcane_library, MONSTER, ars_nouveau:wilden_stalker, 10, 5, 10
25, ars_additions:arcane_library, MONSTER, ars_nouveau:wilden_hunter, 10, 5, 10
26, betterarcheology:archeologist_camp_grassy, HEADING, header:ignore, 0, 0, 0
27, betterarcheology:archeologist_camp_redsand, HEADING, header:ignore, 0, 0, 0
28, betterarcheology:archeologist_camp_sand, HEADING, header:ignore, 0, 0, 0
29, biomeswevegone:aspen_manor_1, HEADING, header:ignore, 0, 0, 0
30, biomeswevegone:aspen_manor_1, MONSTER, minecraft:vindicator, 25, 2, 4
31, biomeswevegone:aspen_manor_2, HEADING, header:ignore, 0, 0, 0
32, biomeswevegone:aspen_manor_2, MONSTER, minecraft:vindicator, 25, 2, 4
33, mes:astral_hideaway, HEADING, header:ignore, 0, 0, 0
34, mes:astral_meteorite, HEADING, header:ignore, 0, 0, 0
35, twilightforest:aurora_palace, HEADING, header:ignore, 0, 0, 0
36, mobs_of_mythology:automaton_structure, HEADING, header:ignore, 0, 0, 0
37, minecraft:bastion_remnant, HEADING, header:ignore, 0, 0, 0
38, the_bumblezone:battle_cubes, HEADING, header:ignore, 0, 0, 0
39, battle_towers:battle_tower, HEADING, header:ignore, 0, 0, 0
40, the_bumblezone:bee_house, HEADING, header:ignore, 0, 0, 0
41, the_bumblezone:bee_house, CREATURE, minecraft:bee, 10, 1, 1
42, create_ltab:birch_structures, HEADING, header:ignore, 0, 0, 0
43, tconstruct:blood_island, HEADING, header:ignore, 0, 0, 0
44, tconstruct:blood_island, MONSTER, minecraft:magma_cube, 10, 4, 6
45, the_bumblezone:bumbling_beepartments, HEADING, header:ignore, 0, 0, 0
46, the_bumblezone:bumbling_beepartments, CREATURE, minecraft:bee, 10, 1, 3
47, the_bumblezone:bumbling_beepartments, CREATURE, the_bumblezone:variant_bee, 10, 1, 2
48, the_bumblezone:bumbling_beepartments, CREATURE, the_bumblezone:beehemoth, 10, 1, 1
49, betterarcheology:buried_ruins_sand, HEADING, header:ignore, 0, 0, 0
50, minecraft:buried_treasure, HEADING, header:ignore, 0, 0, 0
51, cataclysm:burning_arena, HEADING, header:ignore, 0, 0, 0
52, alexscaves:cake_cave, HEADING, header:ignore, 0, 0, 0
53, eugene:camp, HEADING, header:ignore, 0, 0, 0
54, the_bumblezone:candle_parkour, HEADING, header:ignore, 0, 0, 0
55, the_bumblezone:cannon_range, HEADING, header:ignore, 0, 0, 0
56, eugene:castle, HEADING, header:ignore, 0, 0, 0
57, bygonenether:catacomb, HEADING, header:ignore, 0, 0, 0
58, bygonenether:catacomb, MONSTER, minecraft:magma_cube, 10, 1, 1
59, betterarcheology:catacombs, HEADING, header:ignore, 0, 0, 0
60, irons_spellbooks:catacombs, HEADING, header:ignore, 0, 0, 0
61, irons_spellbooks:catacombs, MONSTER, irons_spellbooks:catacombs_zombie, 10, 1, 1
62, irons_spellbooks:catacombs, MONSTER, minecraft:skeleton, 10, 1, 1
63, irons_spellbooks:catacombs, MONSTER, irons_spellbooks:necromancer, 10, 1, 1
64, irons_spellbooks:catacombs, MONSTER, mekanismadditions:baby_skeleton, 10, 1, 1
65, undergarden:catacombs, HEADING, header:ignore, 0, 0, 0
66, undergarden:catacombs, MONSTER, undergarden:forgotten, 10, 1, 1
67, create_ltab:cave_ruins, HEADING, header:ignore, 0, 0, 0
68, the_bumblezone:cell_maze, HEADING, header:ignore, 0, 0, 0
69, create_ltab:cherry_house, HEADING, header:ignore, 0, 0, 0
70, the_bumblezone:cherry_veteran_tree, HEADING, header:ignore, 0, 0, 0
71, bygonenether:citadel, HEADING, header:ignore, 0, 0, 0
72, bygonenether:citadel, MONSTER, bygonenether:warped_enderman, 10, 1, 1
73, bygonenether:citadel, MONSTER, minecraft:enderman, 10, 1, 1
74, bygonenether:citadel, MONSTER, mekanismadditions:baby_enderman, 10, 1, 1
75, tconstruct:clay_island, HEADING, header:ignore, 0, 0, 0
76, tconstruct:clay_island, MONSTER, tconstruct:terracube, 10, 2, 4
77, legendary_monsters:cloudy_temple, HEADING, header:ignore, 0, 0, 0
78, farmers_structures:cook, HEADING, header:ignore, 0, 0, 0
79, farmers_structures:cook_moss, HEADING, header:ignore, 0, 0, 0
80, farmers_structures:cook_nether_1, HEADING, header:ignore, 0, 0, 0
81, farmers_structures:cook_nether_2, HEADING, header:ignore, 0, 0, 0
82, create_structures_arise:create_copper_statue, HEADING, header:ignore, 0, 0, 0
83, create_structures_arise:create_dungeon_base, HEADING, header:ignore, 0, 0, 0
84, create_structures_arise:create_ruined_castle, HEADING, header:ignore, 0, 0, 0
85, create_structures_arise:createairdrop, HEADING, header:ignore, 0, 0, 0
86, create_structures_arise:createcontainer, HEADING, header:ignore, 0, 0, 0
87, create_structures_arise:createcushercrane, HEADING, header:ignore, 0, 0, 0
88, create_structures_arise:createfluidtank, HEADING, header:ignore, 0, 0, 0
89, create_structures_arise:createhouse, HEADING, header:ignore, 0, 0, 0
90, create_structures_arise:createlittleman, HEADING, header:ignore, 0, 0, 0
91, create_structures_arise:createlosttrainstation, HEADING, header:ignore, 0, 0, 0
92, create_structures_arise:createminiskyvillage, HEADING, header:ignore, 0, 0, 0
93, create_structures_arise:createoldruine, HEADING, header:ignore, 0, 0, 0
94, create_structures_arise:createpickaxestatue, HEADING, header:ignore, 0, 0, 0
95, cataclysm:cursed_pyramid, HEADING, header:ignore, 0, 0, 0
96, the_bumblezone:dance_floor, HEADING, header:ignore, 0, 0, 0
97, the_bumblezone:dance_floor, CREATURE, minecraft:bee, 10, 1, 1
98, create_ltab:dark_forest_house, HEADING, header:ignore, 0, 0, 0
99, evilcraft:dark_temple, HEADING, header:ignore, 0, 0, 0
100, twilightforest:dark_tower, HEADING, header:ignore, 0, 0, 0
101, create_structures_arise:darkcastle, HEADING, header:ignore, 0, 0, 0
102, create_structures_arise:deadlordshouse, HEADING, header:ignore, 0, 0, 0
103, betterarcheology:desert_obelisk, HEADING, header:ignore, 0, 0, 0
104, terralith:desert_outpost, HEADING, header:ignore, 0, 0, 0
105, terralith:desert_outpost, MONSTER, minecraft:pillager, 10, 1, 1
106, minecraft:desert_pyramid, HEADING, header:ignore, 0, 0, 0
107, betterdeserttemples:desert_temple, HEADING, header:ignore, 0, 0, 0
108, betterdeserttemples:desert_temple, MONSTER, minecraft:husk, 80, 10, 32
109, betterdeserttemples:desert_temple, CREATURE, minecraft:cat, 80, 4, 4
110, betterdeserttemples:desert_temple, CREATURE, minecraft:rabbit, 80, 4, 4
111, alexscaves:dino_bowl, HEADING, header:ignore, 0, 0, 0
112, alexscaves:donut_arch, HEADING, header:ignore, 0, 0, 0
113, biomeswevegone:dripstone_arch, HEADING, header:ignore, 0, 0, 0
114, tconstruct:earth_slime_island, HEADING, header:ignore, 0, 0, 0
115, tconstruct:earth_slime_island, MONSTER, minecraft:slime, 10, 4, 4
116, traveloptics:echo_shrine, HEADING, header:ignore, 0, 0, 0
117, mythicbotany:elven_house, HEADING, header:ignore, 0, 0, 0
118, minecraft:end_city, HEADING, header:ignore, 0, 0, 0
119, endersdelight:end_house, HEADING, header:ignore, 0, 0, 0
120, tconstruct:end_slime_island, HEADING, header:ignore, 0, 0, 0
121, tconstruct:end_slime_island, MONSTER, tconstruct:ender_slime, 10, 4, 4
122, mes:ender_spire, HEADING, header:ignore, 0, 0, 0
123, mes:enderbloom_grove, HEADING, header:ignore, 0, 0, 0
124, mes:enderkeep_courtyard, HEADING, header:ignore, 0, 0, 0
125, mes:enderpin_spikes, HEADING, header:ignore, 0, 0, 0
126, mes:enderskog, HEADING, header:ignore, 0, 0, 0
127, mes:enderwatch_tower, HEADING, header:ignore, 0, 0, 0
128, mes:endscraps, HEADING, header:ignore, 0, 0, 0
129, unicorns__legends:eternal_meadows_heart, HEADING, header:ignore, 0, 0, 0
130, unicorns__legends:eternal_meadows_little_plant, HEADING, header:ignore, 0, 0, 0
131, unicorns__legends:eternal_meadows_log, HEADING, header:ignore, 0, 0, 0
132, unicorns__legends:eternal_meadows_mushroom_red, HEADING, header:ignore, 0, 0, 0
133, unicorns__legends:eternal_meadows_mushroom_tall, HEADING, header:ignore, 0, 0, 0
134, unicorns__legends:eternal_meadows_plant_large, HEADING, header:ignore, 0, 0, 0
135, unicorns__legends:eternal_meadows_rainbow, HEADING, header:ignore, 0, 0, 0
136, unicorns__legends:eternal_meadows_sediment, HEADING, header:ignore, 0, 0, 0
137, unicorns__legends:eternal_meadows_sediment_2, HEADING, header:ignore, 0, 0, 0
138, unicorns__legends:eternal_meadows_tree, HEADING, header:ignore, 0, 0, 0
139, irons_spellbooks:evoker_fort, HEADING, header:ignore, 0, 0, 0
140, irons_spellbooks:evoker_fort, MONSTER, minecraft:pillager, 10, 2, 3
141, irons_spellbooks:evoker_fort, MONSTER, minecraft:vindicator, 10, 4, 4
142, tetra:extractor_ruin, HEADING, header:ignore, 0, 0, 0
143, alexscaves:ferrocave, HEADING, header:ignore, 0, 0, 0
144, twilightforest:final_castle, HEADING, header:ignore, 0, 0, 0
145, undergarden:forgotten_vestige, HEADING, header:ignore, 0, 0, 0
146, alexscaves:forlorn_bridge, HEADING, header:ignore, 0, 0, 0
147, alexscaves:forlorn_canyon, HEADING, header:ignore, 0, 0, 0
148, terralith:fortified_desert_village, HEADING, header:ignore, 0, 0, 0
149, terralith:fortified_village, HEADING, header:ignore, 0, 0, 0
150, betterfortresses:fortress, HEADING, header:ignore, 0, 0, 0
151, betterfortresses:fortress, MONSTER, minecraft:blaze, 10, 2, 3
152, betterfortresses:fortress, MONSTER, minecraft:zombified_piglin, 10, 4, 4
153, betterfortresses:fortress, MONSTER, minecraft:wither_skeleton, 10, 5, 5
154, betterfortresses:fortress, MONSTER, minecraft:skeleton, 10, 5, 5
155, betterfortresses:fortress, MONSTER, minecraft:magma_cube, 10, 4, 4
156, betterfortresses:fortress, MONSTER, mekanismadditions:baby_skeleton, 10, 3, 3
157, betterfortresses:fortress, MONSTER, mekanismadditions:baby_wither_skeleton, 10, 3, 3
158, minecraft:fortress, HEADING, header:ignore, 0, 0, 0
159, minecraft:fortress, MONSTER, minecraft:blaze, 10, 2, 3
160, minecraft:fortress, MONSTER, minecraft:zombified_piglin, 10, 4, 4
161, minecraft:fortress, MONSTER, minecraft:wither_skeleton, 10, 5, 5
162, minecraft:fortress, MONSTER, minecraft:skeleton, 10, 5, 5
163, minecraft:fortress, MONSTER, minecraft:magma_cube, 10, 4, 4
164, minecraft:fortress, MONSTER, cataclysm:ignited_berserker, 10, 1, 1
165, minecraft:fortress, MONSTER, mekanismadditions:baby_skeleton, 10, 3, 3
166, minecraft:fortress, MONSTER, mekanismadditions:baby_wither_skeleton, 10, 3, 3
167, betterarcheology:fossil_chicken, HEADING, header:ignore, 0, 0, 0
168, betterarcheology:fossil_chicken_birch, HEADING, header:ignore, 0, 0, 0
169, betterarcheology:fossil_creeper, HEADING, header:ignore, 0, 0, 0
170, betterarcheology:fossil_jungle_0, HEADING, header:ignore, 0, 0, 0
171, betterarcheology:fossil_jungle_1, HEADING, header:ignore, 0, 0, 0
172, betterarcheology:fossil_sheep_0, HEADING, header:ignore, 0, 0, 0
173, betterarcheology:fossil_wolf, HEADING, header:ignore, 0, 0, 0
174, legendary_monsters:frostbitten_temple, HEADING, header:ignore, 0, 0, 0
175, cataclysm:frosted_prison, HEADING, header:ignore, 0, 0, 0
176, bosses_of_mass_destruction:gauntlet_arena, HEADING, header:ignore, 0, 0, 0
177, the_bumblezone:gazebuzz_cluster, HEADING, header:ignore, 0, 0, 0
178, alexscaves:gingerbread_town, HEADING, header:ignore, 0, 0, 0
179, alexscaves:gingerbread_town, MONSTER, alexscaves:gingerbread_man, 80, 4, 4
180, terralith:glacial_hut, HEADING, header:ignore, 0, 0, 0
181, unicorns__legends:gnomevillage, HEADING, header:ignore, 0, 0, 0
182, the_bumblezone:goliath_honey_fountain, HEADING, header:ignore, 0, 0, 0
183, create_ltab:grot, HEADING, header:ignore, 0, 0, 0
184, ars_nouveau:guardian_wilden_den, HEADING, header:ignore, 0, 0, 0
185, ars_nouveau:guardian_wilden_den, MONSTER, ars_nouveau:wilden_guardian, 10, 1, 3
186, the_bumblezone:hanging_garden, HEADING, header:ignore, 0, 0, 0
187, twilightforest:hedge_maze, HEADING, header:ignore, 0, 0, 0
188, the_bumblezone:hive_temple, HEADING, header:ignore, 0, 0, 0
189, the_bumblezone:hive_temple, CREATURE, the_bumblezone:honey_slime, 10, 1, 1
190, the_bumblezone:honey_cave_room, HEADING, header:ignore, 0, 0, 0
191, the_bumblezone:honey_cave_room, CREATURE, the_bumblezone:beehemoth, 10, 1, 1
192, the_bumblezone:honey_fountain, HEADING, header:ignore, 0, 0, 0
193, the_bumblezone:honey_slime_ranch, HEADING, header:ignore, 0, 0, 0
194, the_bumblezone:honey_slime_ranch, CREATURE, the_bumblezone:honey_slime, 10, 1, 1
195, the_bumblezone:honitel, HEADING, header:ignore, 0, 0, 0
196, the_bumblezone:honitel, CREATURE, minecraft:bee, 10, 1, 1
197, hiccups_legacy:hunter_ship, HEADING, header:ignore, 0, 0, 0
198, ars_nouveau:hunter_wilden_den, HEADING, header:ignore, 0, 0, 0
199, ars_nouveau:hunter_wilden_den, MONSTER, ars_nouveau:wilden_hunter, 10, 3, 3
200, twilightforest:hydra_lair, HEADING, header:ignore, 0, 0, 0
201, the_bumblezone:ice_monolith, HEADING, header:ignore, 0, 0, 0
202, minecraft:igloo, HEADING, header:ignore, 0, 0, 0
203, terralith:igloo, HEADING, header:ignore, 0, 0, 0
204, irons_spellbooks:impaled_icebreaker, HEADING, header:ignore, 0, 0, 0
205, biomeswevegone:ironwood_gour_plateau, HEADING, header:ignore, 0, 0, 0
206, minecraft:jungle_pyramid, HEADING, header:ignore, 0, 0, 0
207, betterjungletemples:jungle_temple, HEADING, header:ignore, 0, 0, 0
208, create_ltab:jungle_well, HEADING, header:ignore, 0, 0, 0
209, twilightforest:knight_stronghold, HEADING, header:ignore, 0, 0, 0
210, twilightforest:labyrinth, HEADING, header:ignore, 0, 0, 0
211, biomeswevegone:large_cold_lake, HEADING, header:ignore, 0, 0, 0
212, biomeswevegone:large_cold_lake, WATER_AMBIENT, minecraft:salmon, 10, 4, 10
213, twilightforest:large_hollow_hill, HEADING, header:ignore, 0, 0, 0
214, legendary_monsters:lava_eater_spawn, HEADING, header:ignore, 0, 0, 0
215, bosses_of_mass_destruction:lich_tower, HEADING, header:ignore, 0, 0, 0
216, twilightforest:lich_tower, HEADING, header:ignore, 0, 0, 0
217, alexscaves:licowitch_tower, HEADING, header:ignore, 0, 0, 0
218, alexscaves:licowitch_tower, MONSTER, alexscaves:licowitch, 70, 1, 1
219, alexscaves:licowitch_tower, MONSTER, minecraft:witch, 30, 1, 1
220, betterarcheology:light_temple, HEADING, header:ignore, 0, 0, 0
221, biomeswevegone:lush_arch, HEADING, header:ignore, 0, 0, 0
222, terralith:mage_complex, HEADING, header:ignore, 0, 0, 0
223, terralith:mage_tower, HEADING, header:ignore, 0, 0, 0
224, terralith:mage_tower_autumn, HEADING, header:ignore, 0, 0, 0
225, terralith:mage_tower_spring, HEADING, header:ignore, 0, 0, 0
226, terralith:mage_tower_summer, HEADING, header:ignore, 0, 0, 0
227, terralith:mage_tower_winter, HEADING, header:ignore, 0, 0, 0
228, irons_spellbooks:mangrove_hut, HEADING, header:ignore, 0, 0, 0
229, create_ltab:mangrove_structures, HEADING, header:ignore, 0, 0, 0
230, minecraft:mansion, HEADING, header:ignore, 0, 0, 0
231, mes:manuscript_shrine, HEADING, header:ignore, 0, 0, 0
232, twilightforest:medium_hollow_hill, HEADING, header:ignore, 0, 0, 0
233, mes:mega_ship, HEADING, header:ignore, 0, 0, 0
234, mes:mega_ship, MONSTER, minecraft:shulker, 10, 2, 3
235, mes:mega_ship_basic, HEADING, header:ignore, 0, 0, 0
236, mes:mega_ship_basic, MONSTER, minecraft:shulker, 10, 2, 3
237, mes:mega_ship_basic, MONSTER, minecraft:enderman, 10, 3, 5
238, mes:mega_ship_basic, MONSTER, mekanismadditions:baby_enderman, 10, 2, 3
239, mes:mega_ship_crashed, HEADING, header:ignore, 0, 0, 0
240, mes:mega_ship_crashed, MONSTER, minecraft:shulker, 10, 2, 3
241, mes:mega_ship_crashed_2, HEADING, header:ignore, 0, 0, 0
242, mes:mega_ship_crashed_2, MONSTER, minecraft:shulker, 10, 2, 3
243, mes:mega_ship_crashed_deepslate, HEADING, header:ignore, 0, 0, 0
244, mes:mega_ship_crashed_deepslate, MONSTER, minecraft:shulker, 10, 1, 2
245, mes:mega_ship_deepslate, HEADING, header:ignore, 0, 0, 0
246, mes:mega_ship_deepslate, MONSTER, minecraft:shulker, 10, 2, 3
247, mes:mega_ship_deepslate, MONSTER, minecraft:enderman, 10, 3, 5
248, mes:mega_ship_deepslate, MONSTER, mekanismadditions:baby_enderman, 10, 2, 3
249, mes:mega_ship_deepslate_2, HEADING, header:ignore, 0, 0, 0
250, mes:mega_ship_deepslate_2, MONSTER, minecraft:shulker, 10, 2, 3
251, mes:mega_ship_deepslate_2, MONSTER, minecraft:enderman, 10, 3, 5
252, mes:mega_ship_deepslate_2, MONSTER, mekanismadditions:baby_enderman, 10, 2, 3
253, mes:mega_ship_deepslate_3, HEADING, header:ignore, 0, 0, 0
254, mes:mega_ship_deepslate_3, MONSTER, minecraft:shulker, 10, 2, 3
255, mes:mega_ship_deepslate_3, MONSTER, minecraft:enderman, 10, 3, 5
256, mes:mega_ship_deepslate_3, MONSTER, mekanismadditions:baby_enderman, 10, 2, 3
257, betterarcheology:mesa_ruins, HEADING, header:ignore, 0, 0, 0
258, ae2:meteorite, HEADING, header:ignore, 0, 0, 0
259, unicorns__legends:meteorite, HEADING, header:ignore, 0, 0, 0
260, minecraft:mineshaft, HEADING, header:ignore, 0, 0, 0
261, bettermineshafts:mineshaft_acacia, HEADING, header:ignore, 0, 0, 0
262, bettermineshafts:mineshaft_desert, HEADING, header:ignore, 0, 0, 0
263, bettermineshafts:mineshaft_dripstone, HEADING, header:ignore, 0, 0, 0
264, bettermineshafts:mineshaft_ice, HEADING, header:ignore, 0, 0, 0
265, bettermineshafts:mineshaft_jungle, HEADING, header:ignore, 0, 0, 0
266, bettermineshafts:mineshaft_lush, HEADING, header:ignore, 0, 0, 0
267, bettermineshafts:mineshaft_mesa, HEADING, header:ignore, 0, 0, 0
268, minecraft:mineshaft_mesa, HEADING, header:ignore, 0, 0, 0
269, bettermineshafts:mineshaft_mushroom, HEADING, header:ignore, 0, 0, 0
270, bettermineshafts:mineshaft_oak, HEADING, header:ignore, 0, 0, 0
271, bettermineshafts:mineshaft_overgrown, HEADING, header:ignore, 0, 0, 0
272, bettermineshafts:mineshaft_red_desert, HEADING, header:ignore, 0, 0, 0
273, bettermineshafts:mineshaft_spruce, HEADING, header:ignore, 0, 0, 0
274, bettermineshafts:mineshaft_spruce_snowy, HEADING, header:ignore, 0, 0, 0
275, create_structures_arise:minetrain, HEADING, header:ignore, 0, 0, 0
276, the_bumblezone:mite_fortress, HEADING, header:ignore, 0, 0, 0
277, the_bumblezone:mite_fortress, MONSTER, minecraft:enderman, 80, 1, 2
278, the_bumblezone:mite_fortress, MONSTER, mekanismadditions:baby_enderman, 50, 1, 1
279, mes:monolith, HEADING, header:ignore, 0, 0, 0
280, minecraft:monument, HEADING, header:ignore, 0, 0, 0
281, minecraft:monument, MONSTER, minecraft:guardian, 10, 2, 4
282, legendary_monsters:mossy_temple, HEADING, header:ignore, 0, 0, 0
283, betterarcheology:mott, HEADING, header:ignore, 0, 0, 0
284, irons_spellbooks:mountain_tower, HEADING, header:ignore, 0, 0, 0
285, twilightforest:mushroom_tower, HEADING, header:ignore, 0, 0, 0
286, mes:mythic_garden, HEADING, header:ignore, 0, 0, 0
287, twilightforest:naga_courtyard, HEADING, header:ignore, 0, 0, 0
288, minecraft:nether_fossil, HEADING, header:ignore, 0, 0, 0
289, create_ltab:nether_roof_house, HEADING, header:ignore, 0, 0, 0
290, ars_additions:nexus_tower, HEADING, header:ignore, 0, 0, 0
291, forbidden_arcanus:nipa, HEADING, header:ignore, 0, 0, 0
292, forbidden_arcanus:nipa_floating, HEADING, header:ignore, 0, 0, 0
293, unicorns__legends:nokakao_cocoa_domain, HEADING, header:ignore, 0, 0, 0
294, create_structures_arise:obsidiantemple, HEADING, header:ignore, 0, 0, 0
295, bosses_of_mass_destruction:obsidilith_arena, HEADING, header:ignore, 0, 0, 0
296, betteroceanmonuments:ocean_monument, HEADING, header:ignore, 0, 0, 0
297, betteroceanmonuments:ocean_monument, MONSTER, minecraft:guardian, 10, 2, 4
298, minecraft:ocean_ruin_cold, HEADING, header:ignore, 0, 0, 0
299, minecraft:ocean_ruin_warm, HEADING, header:ignore, 0, 0, 0
300, alexscaves:ocean_trench, HEADING, header:ignore, 0, 0, 0
301, the_bumblezone:overgrown_flower, HEADING, header:ignore, 0, 0, 0
302, the_bumblezone:phantasm_aviary, HEADING, header:ignore, 0, 0, 0
303, the_bumblezone:phantasm_aviary, MONSTER, minecraft:phantom, 80, 1, 2
304, mes:phantom_citadel, HEADING, header:ignore, 0, 0, 0
305, eugene:piglin_camp, HEADING, header:ignore, 0, 0, 0
306, bygonenether:piglin_manor, HEADING, header:ignore, 0, 0, 0
307, bygonenether:piglin_manor, MONSTER, minecraft:piglin, 10, 1, 1
308, bygonenether:piglin_manor, MONSTER, bygonenether:piglin_hunter, 10, 1, 1
309, create_structures_arise:pillager_boat, HEADING, header:ignore, 0, 0, 0
310, eugene:pillager_loot_carriage, HEADING, header:ignore, 0, 0, 0
311, minecraft:pillager_outpost, HEADING, header:ignore, 0, 0, 0
312, minecraft:pillager_outpost, MONSTER, minecraft:pillager, 10, 1, 1
313, create_structures_arise:pillagersteampunkairship, HEADING, header:ignore, 0, 0, 0
314, the_bumblezone:pirate_ship, HEADING, header:ignore, 0, 0, 0
315, mes:placid_prairie, HEADING, header:ignore, 0, 0, 0
316, create_ltab:plains_big, HEADING, header:ignore, 0, 0, 0
317, create_ltab:plains_small, HEADING, header:ignore, 0, 0, 0
318, the_bumblezone:pollinated_stream, HEADING, header:ignore, 0, 0, 0
319, biomeswevegone:prairie_house, HEADING, header:ignore, 0, 0, 0
320, irons_spellbooks:pyromancer_tower, HEADING, header:ignore, 0, 0, 0
321, farmers_structures:quark_glimer, HEADING, header:ignore, 0, 0, 0
322, farmers_structures:quark_jungle, HEADING, header:ignore, 0, 0, 0
323, farmers_structures:quark_moss, HEADING, header:ignore, 0, 0, 0
324, farmers_structures:quark_slime, HEADING, header:ignore, 0, 0, 0
325, create_ltab:quarry, HEADING, header:ignore, 0, 0, 0
326, twilightforest:quest_grove, HEADING, header:ignore, 0, 0, 0
327, biomeswevegone:red_rock_arch, HEADING, header:ignore, 0, 0, 0
328, tetra:regular_ruin, HEADING, header:ignore, 0, 0, 0
329, tetra:regular_ruin, MONSTER, minecraft:stray, 10, 4, 16
330, tetra:regular_ruin, MONSTER, mekanismadditions:baby_stray, 10, 2, 8
331, ribbits:ribbit_village, HEADING, header:ignore, 0, 0, 0
332, terralith:rubble_desert, HEADING, header:ignore, 0, 0, 0
333, terralith:rubble_forest, HEADING, header:ignore, 0, 0, 0
334, terralith:rubble_jungle, HEADING, header:ignore, 0, 0, 0
335, terralith:rubble_mesa, HEADING, header:ignore, 0, 0, 0
336, terralith:rubble_mountain, HEADING, header:ignore, 0, 0, 0
337, terralith:rubble_taiga, HEADING, header:ignore, 0, 0, 0
338, biomeswevegone:rugged_fossil, HEADING, header:ignore, 0, 0, 0
339, cataclysm:ruined_citadel, HEADING, header:ignore, 0, 0, 0
340, cataclysm:ruined_citadel, MONSTER, cataclysm:endermaptera, 10, 1, 1
341, mes:ruined_pillar, HEADING, header:ignore, 0, 0, 0
342, ars_additions:ruined_portal, HEADING, header:ignore, 0, 0, 0
343, minecraft:ruined_portal, HEADING, header:ignore, 0, 0, 0
344, minecraft:ruined_portal_desert, HEADING, header:ignore, 0, 0, 0
345, minecraft:ruined_portal_jungle, HEADING, header:ignore, 0, 0, 0
346, ars_additions:ruined_portal_large, HEADING, header:ignore, 0, 0, 0
347, minecraft:ruined_portal_mountain, HEADING, header:ignore, 0, 0, 0
348, minecraft:ruined_portal_nether, HEADING, header:ignore, 0, 0, 0
349, minecraft:ruined_portal_ocean, HEADING, header:ignore, 0, 0, 0
350, minecraft:ruined_portal_swamp, HEADING, header:ignore, 0, 0, 0
351, legendary_monsters:ruined_pyramid, HEADING, header:ignore, 0, 0, 0
352, legendary_monsters:ruined_pyramid, MONSTER, legendary_monsters:bomber, 10, 1, 1
353, create_ltab:ruins, HEADING, header:ignore, 0, 0, 0
354, betterarcheology:ruins_sand, HEADING, header:ignore, 0, 0, 0
355, butcher:saltformationlarge, HEADING, header:ignore, 0, 0, 0
356, butcher:saltformationmedium, HEADING, header:ignore, 0, 0, 0
357, butcher:saltformationsmall, HEADING, header:ignore, 0, 0, 0
358, create_ltab:sand_house, HEADING, header:ignore, 0, 0, 0
359, the_bumblezone:sempiternal_sanctum_blue, HEADING, header:ignore, 0, 0, 0
360, the_bumblezone:sempiternal_sanctum_green, HEADING, header:ignore, 0, 0, 0
361, the_bumblezone:sempiternal_sanctum_purple, HEADING, header:ignore, 0, 0, 0
362, the_bumblezone:sempiternal_sanctum_red, HEADING, header:ignore, 0, 0, 0
363, the_bumblezone:sempiternal_sanctum_white, HEADING, header:ignore, 0, 0, 0
364, the_bumblezone:sempiternal_sanctum_yellow, HEADING, header:ignore, 0, 0, 0
365, biomeswevegone:sharpened_rock, HEADING, header:ignore, 0, 0, 0
366, minecraft:shipwreck, HEADING, header:ignore, 0, 0, 0
367, minecraft:shipwreck_beached, HEADING, header:ignore, 0, 0, 0
368, legendary_monsters:shulker_tower, HEADING, header:ignore, 0, 0, 0
369, betterdungeons:skeleton_dungeon, HEADING, header:ignore, 0, 0, 0
370, betterdungeons:skeleton_dungeon, MONSTER, minecraft:skeleton, 80, 4, 15
371, betterdungeons:skeleton_dungeon, MONSTER, mekanismadditions:baby_skeleton, 50, 2, 8
372, legendary_monsters:skeletosaurus_nest, HEADING, header:ignore, 0, 0, 0
373, tconstruct:sky_slime_island, HEADING, header:ignore, 0, 0, 0
374, tconstruct:sky_slime_island, MONSTER, tconstruct:sky_slime, 10, 3, 4
375, skyvillages:skyvillage, HEADING, header:ignore, 0, 0, 0
376, betterdungeons:small_dungeon, HEADING, header:ignore, 0, 0, 0
377, twilightforest:small_hollow_hill, HEADING, header:ignore, 0, 0, 0
378, betterdungeons:small_nether_dungeon, HEADING, header:ignore, 0, 0, 0
379, create_ltab:snow_fort, HEADING, header:ignore, 0, 0, 0
380, create_ltab:snow_fort, MONSTER, minecraft:pillager, 10, 1, 5
381, alexscaves:soda_bottle, HEADING, header:ignore, 0, 0, 0
382, cataclysm:soul_black_smith, HEADING, header:ignore, 0, 0, 0
383, legendary_monsters:soul_fortress_remains, HEADING, header:ignore, 0, 0, 0
384, betterdungeons:spider_dungeon, HEADING, header:ignore, 0, 0, 0
385, betterdungeons:spider_dungeon, MONSTER, minecraft:spider, 80, 4, 15
386, betterdungeons:spider_dungeon, MONSTER, minecraft:cave_spider, 50, 4, 8
387, terralith:spire, HEADING, header:ignore, 0, 0, 0
388, create_ltab:spruce_structures, HEADING, header:ignore, 0, 0, 0
389, ars_nouveau:stalker_wilden_den, HEADING, header:ignore, 0, 0, 0
390, ars_nouveau:stalker_wilden_den, MONSTER, ars_nouveau:wilden_stalker, 10, 3, 3
391, ars_elemental:starbuncle_shrine, HEADING, header:ignore, 0, 0, 0
392, mes:starlight_voyager, HEADING, header:ignore, 0, 0, 0
393, the_bumblezone:stinger_spear_shrine, HEADING, header:ignore, 0, 0, 0
394, betterarcheology:stonehenge_grassy, HEADING, header:ignore, 0, 0, 0
395, betterstrongholds:stronghold, HEADING, header:ignore, 0, 0, 0
396, minecraft:stronghold, HEADING, header:ignore, 0, 0, 0
397, the_bumblezone:subway, HEADING, header:ignore, 0, 0, 0
398, cataclysm:sunken_city, HEADING, header:ignore, 0, 0, 0
399, farmers_structures:sushi, HEADING, header:ignore, 0, 0, 0
400, minecraft:swamp_hut, HEADING, header:ignore, 0, 0, 0
401, minecraft:swamp_hut, MONSTER, minecraft:witch, 10, 1, 1
402, minecraft:swamp_hut, CREATURE, minecraft:cat, 10, 1, 1
403, the_afterdark:teleport_altar, HEADING, header:ignore, 0, 0, 0
404, betterarcheology:temple_jungle, HEADING, header:ignore, 0, 0, 0
405, create_ltab:the_caretakersbunker, HEADING, header:ignore, 0, 0, 0
406, create_ltab:thecastle, HEADING, header:ignore, 0, 0, 0
407, the_bumblezone:throne_pillar, HEADING, header:ignore, 0, 0, 0
408, apotheosis:tower_leaf, HEADING, header:ignore, 0, 0, 0
409, apotheosis:tower_main, HEADING, header:ignore, 0, 0, 0
410, apotheosis:tower_sand, HEADING, header:ignore, 0, 0, 0
411, apotheosis:tower_spruce, HEADING, header:ignore, 0, 0, 0
412, minecraft:trail_ruins, HEADING, header:ignore, 0, 0, 0
413, twilightforest:troll_cave, HEADING, header:ignore, 0, 0, 0
414, betterarcheology:tumulus_grassy, HEADING, header:ignore, 0, 0, 0
415, farmers_structures:undergarden_sea, HEADING, header:ignore, 0, 0, 0
416, terralith:underground/frosted_dungeon, HEADING, header:ignore, 0, 0, 0
417, terralith:underground/giant_bee_hive, HEADING, header:ignore, 0, 0, 0
418, terralith:underground/mining_outpost, HEADING, header:ignore, 0, 0, 0
419, terralith:underground/oak_cabin, HEADING, header:ignore, 0, 0, 0
420, terralith:underground/old_refinery, HEADING, header:ignore, 0, 0, 0
421, terralith:underground/sunken_tower, HEADING, header:ignore, 0, 0, 0
422, terralith:underground/witch_hut, HEADING, header:ignore, 0, 0, 0
423, underground_bunkers:underground_bunker, HEADING, header:ignore, 0, 0, 0
424, alexscaves:underground_cabin, HEADING, header:ignore, 0, 0, 0
425, terralith:underground_cabin, HEADING, header:ignore, 0, 0, 0
426, betterarcheology:underwater_0, HEADING, header:ignore, 0, 0, 0
427, betterarcheology:underwater_1, HEADING, header:ignore, 0, 0, 0
428, betterarcheology:underwater_2, HEADING, header:ignore, 0, 0, 0
429, betterarcheology:underwater_3, HEADING, header:ignore, 0, 0, 0
430, alekiships:unfinished_rowboat_birch, HEADING, header:ignore, 0, 0, 0
431, alekiships:unfinished_rowboat_cherry, HEADING, header:ignore, 0, 0, 0
432, alekiships:unfinished_rowboat_dark_oak, HEADING, header:ignore, 0, 0, 0
433, alekiships:unfinished_rowboat_oak, HEADING, header:ignore, 0, 0, 0
434, alekiships:unfinished_rowboat_spruce, HEADING, header:ignore, 0, 0, 0
435, alekiships:unfinished_sloop_birch, HEADING, header:ignore, 0, 0, 0
436, alekiships:unfinished_sloop_cherry, HEADING, header:ignore, 0, 0, 0
437, alekiships:unfinished_sloop_dark_oak, HEADING, header:ignore, 0, 0, 0
438, alekiships:unfinished_sloop_oak, HEADING, header:ignore, 0, 0, 0
439, alekiships:unfinished_sloop_spruce, HEADING, header:ignore, 0, 0, 0
440, terralith:valley_lodge, HEADING, header:ignore, 0, 0, 0
441, biomeswevegone:village/forgotten, HEADING, header:ignore, 0, 0, 0
442, biomeswevegone:village/pumpkin_patch, HEADING, header:ignore, 0, 0, 0
443, biomeswevegone:village/red_rock, HEADING, header:ignore, 0, 0, 0
444, biomeswevegone:village/salem, HEADING, header:ignore, 0, 0, 0
445, biomeswevegone:village/skyris, HEADING, header:ignore, 0, 0, 0
446, biomeswevegone:village/swamp, HEADING, header:ignore, 0, 0, 0
447, minecraft:village_desert, HEADING, header:ignore, 0, 0, 0
448, minecraft:village_plains, HEADING, header:ignore, 0, 0, 0
449, minecraft:village_savanna, HEADING, header:ignore, 0, 0, 0
450, minecraft:village_snowy, HEADING, header:ignore, 0, 0, 0
451, minecraft:village_taiga, HEADING, header:ignore, 0, 0, 0
452, betterarcheology:villager_grave, HEADING, header:ignore, 0, 0, 0
453, bosses_of_mass_destruction:void_blossom, HEADING, header:ignore, 0, 0, 0
454, traveloptics:void_cathedral, HEADING, header:ignore, 0, 0, 0
455, alexscaves:volcano, HEADING, header:ignore, 0, 0, 0
456, legendary_monsters:warped_fungussus_nest, HEADING, header:ignore, 0, 0, 0
457, create_ltab:water_pre, HEADING, header:ignore, 0, 0, 0
458, create_structures_arise:windmill, HEADING, header:ignore, 0, 0, 0
459, betterwitchhuts:witch_circle, HEADING, header:ignore, 0, 0, 0
460, betterwitchhuts:witch_circle, MONSTER, minecraft:witch, 10, 1, 1
461, betterwitchhuts:witch_circle, CREATURE, minecraft:cat, 10, 1, 1
462, betterwitchhuts:witch_hut, HEADING, header:ignore, 0, 0, 0
463, betterwitchhuts:witch_hut, MONSTER, minecraft:witch, 10, 1, 1
464, betterwitchhuts:witch_hut, CREATURE, minecraft:cat, 10, 1, 1
465, terralith:witch_hut, HEADING, header:ignore, 0, 0, 0
466, terralith:witch_hut, MONSTER, minecraft:witch, 10, 1, 2
467, terralith:witch_hut, CREATURE, minecraft:cat, 10, 1, 1
468, eugene:witch_wagon, HEADING, header:ignore, 0, 0, 0
469, twilightforest:yeti_cave, HEADING, header:ignore, 0, 0, 0
470, betterdungeons:zombie_dungeon, HEADING, header:ignore, 0, 0, 0
471, betterdungeons:zombie_dungeon, MONSTER, minecraft:zombie, 80, 4, 15
